[2026-07-08 11:14:18] phase=rmd->md status=ok duration=13.644s file=Rmd/online/01-source-family.Rmd
[2026-07-08 11:14:20] phase=rmd->md status=ok duration=1.969s file=Rmd/online/02-online-session-simulated.Rmd
[2026-07-08 11:14:21] phase=rmd->md status=ok duration=0.619s file=Rmd/online/03-memory-policies.Rmd
[2026-07-08 11:14:21] phase=rmd->md status=ok duration=0.479s file=Rmd/online/04-execution-strategies.Rmd
[2026-07-08 11:14:21] phase=rmd->md status=ok duration=0.267s file=Rmd/online/05-stream-evaluator.Rmd
[2026-07-08 11:14:22] phase=rmd->md status=ok duration=0.773s file=Rmd/online/06-stream-experiment.Rmd
[2026-07-08 11:14:22] phase=rmd->md status=ok duration=0.196s file=Rmd/online/07-kafka-stub.Rmd
[2026-07-08 11:14:22] phase=rmd->md status=ok duration=0.047s file=Rmd/online/README.Rmd
[2026-07-08 11:14:25] phase=rmd->docx status=ok duration=2.158s file=Rmd/online/01-source-family.Rmd
[2026-07-08 11:14:26] phase=rmd->docx status=ok duration=1.218s file=Rmd/online/02-online-session-simulated.Rmd
[2026-07-08 11:14:27] phase=rmd->docx status=ok duration=0.964s file=Rmd/online/03-memory-policies.Rmd
[2026-07-08 11:14:28] phase=rmd->docx status=ok duration=1.090s file=Rmd/online/04-execution-strategies.Rmd
[2026-07-08 11:14:29] phase=rmd->docx status=ok duration=0.999s file=Rmd/online/05-stream-evaluator.Rmd
[2026-07-08 11:14:30] phase=rmd->docx status=ok duration=1.435s file=Rmd/online/06-stream-experiment.Rmd
[2026-07-08 11:14:31] phase=rmd->docx status=ok duration=0.908s file=Rmd/online/07-kafka-stub.Rmd
[2026-07-08 11:14:32] phase=rmd->docx status=ok duration=0.271s file=Rmd/online/README.Rmd
[2026-07-08 11:14:32] phase=rmd->r status=ok duration=0.051s file=Rmd/online/01-source-family.Rmd
[2026-07-08 11:14:32] phase=rmd->r status=ok duration=0.068s file=Rmd/online/02-online-session-simulated.Rmd
[2026-07-08 11:14:32] phase=rmd->r status=ok duration=0.054s file=Rmd/online/03-memory-policies.Rmd
[2026-07-08 11:14:32] phase=rmd->r status=ok duration=0.071s file=Rmd/online/04-execution-strategies.Rmd
[2026-07-08 11:14:32] phase=rmd->r status=ok duration=0.050s file=Rmd/online/05-stream-evaluator.Rmd
[2026-07-08 11:14:32] phase=rmd->r status=ok duration=0.051s file=Rmd/online/06-stream-experiment.Rmd
[2026-07-08 11:14:32] phase=rmd->r status=ok duration=0.054s file=Rmd/online/07-kafka-stub.Rmd
[2026-07-08 11:14:32] phase=rmd->r status=ok duration=0.001s file=Rmd/online/README.Rmd
