[2026-07-08 10:34:45] phase=rmd->md status=ok duration=11.601s file=Rmd/online/01-source-family.Rmd
[2026-07-08 10:34:46] phase=rmd->md status=ok duration=1.313s file=Rmd/online/02-online-session-simulated.Rmd
[2026-07-08 10:34:47] phase=rmd->md status=ok duration=0.370s file=Rmd/online/03-memory-policies.Rmd
[2026-07-08 10:34:47] phase=rmd->md status=ok duration=0.587s file=Rmd/online/04-execution-strategies.Rmd
[2026-07-08 10:34:47] phase=rmd->md status=ok duration=0.276s file=Rmd/online/05-stream-evaluator.Rmd
[2026-07-08 10:34:48] phase=rmd->md status=ok duration=0.743s file=Rmd/online/06-stream-experiment.Rmd
[2026-07-08 10:34:48] phase=rmd->md status=ok duration=0.206s file=Rmd/online/07-kafka-stub.Rmd
[2026-07-08 10:34:48] phase=rmd->md status=ok duration=0.047s file=Rmd/online/README.Rmd
[2026-07-08 10:34:51] phase=rmd->docx status=ok duration=2.442s file=Rmd/online/01-source-family.Rmd
[2026-07-08 10:34:52] phase=rmd->docx status=ok duration=1.262s file=Rmd/online/02-online-session-simulated.Rmd
[2026-07-08 10:34:53] phase=rmd->docx status=ok duration=1.126s file=Rmd/online/03-memory-policies.Rmd
[2026-07-08 10:34:54] phase=rmd->docx status=ok duration=1.172s file=Rmd/online/04-execution-strategies.Rmd
[2026-07-08 10:34:55] phase=rmd->docx status=ok duration=1.026s file=Rmd/online/05-stream-evaluator.Rmd
[2026-07-08 10:34:57] phase=rmd->docx status=ok duration=1.404s file=Rmd/online/06-stream-experiment.Rmd
[2026-07-08 10:34:58] phase=rmd->docx status=ok duration=0.938s file=Rmd/online/07-kafka-stub.Rmd
[2026-07-08 10:34:58] phase=rmd->docx status=ok duration=0.329s file=Rmd/online/README.Rmd
[2026-07-08 10:34:58] phase=rmd->r status=ok duration=0.057s file=Rmd/online/01-source-family.Rmd
[2026-07-08 10:34:58] phase=rmd->r status=ok duration=0.073s file=Rmd/online/02-online-session-simulated.Rmd
[2026-07-08 10:34:58] phase=rmd->r status=ok duration=0.063s file=Rmd/online/03-memory-policies.Rmd
[2026-07-08 10:34:58] phase=rmd->r status=ok duration=0.078s file=Rmd/online/04-execution-strategies.Rmd
[2026-07-08 10:34:59] phase=rmd->r status=ok duration=0.062s file=Rmd/online/05-stream-evaluator.Rmd
[2026-07-08 10:34:59] phase=rmd->r status=ok duration=0.066s file=Rmd/online/06-stream-experiment.Rmd
[2026-07-08 10:34:59] phase=rmd->r status=ok duration=0.058s file=Rmd/online/07-kafka-stub.Rmd
[2026-07-08 10:34:59] phase=rmd->r status=ok duration=0.001s file=Rmd/online/README.Rmd
