Conversion run started at 2026-05-20 19:48:44
Working directory: /home/gpca/harbinger
[2026-05-20 19:48:53] phase=rmd->md status=ok duration=8.835s file=Rmd/anomalies/01-baseline-hanr_histogram.Rmd
[2026-05-20 19:48:54] phase=rmd->md status=ok duration=1.220s file=Rmd/anomalies/10-regression-hanr_arima.Rmd
[2026-05-20 19:48:55] phase=rmd->md status=ok duration=0.841s file=Rmd/anomalies/11-regression-hanr_fbiad.Rmd
[2026-05-20 19:48:57] phase=rmd->md status=ok duration=2.059s file=Rmd/anomalies/12-regression-hanr_emd.Rmd
[2026-05-20 19:48:58] phase=rmd->md status=ok duration=1.170s file=Rmd/anomalies/13-regression-hanr_fft.Rmd
[2026-05-20 19:48:59] phase=rmd->md status=ok duration=1.023s file=Rmd/anomalies/14-regression-hanr_fft_amoc.Rmd
[2026-05-20 19:49:00] phase=rmd->md status=ok duration=1.024s file=Rmd/anomalies/15-regression-hanr_fft_amoc_cusum.Rmd
[2026-05-20 19:49:01] phase=rmd->md status=ok duration=1.056s file=Rmd/anomalies/16-regression-hanr_fft_binseg.Rmd
[2026-05-20 19:49:02] phase=rmd->md status=ok duration=1.177s file=Rmd/anomalies/17-regression-hanr_fft_binseg_cusum.Rmd
[2026-05-20 19:49:04] phase=rmd->md status=ok duration=1.234s file=Rmd/anomalies/18-regression-hanr_fft_sma.Rmd
[2026-05-20 19:49:05] phase=rmd->md status=ok duration=1.328s file=Rmd/anomalies/20-regression-hanr_garch.Rmd
[2026-05-20 19:49:06] phase=rmd->md status=ok duration=1.510s file=Rmd/anomalies/21-regression-hanr_remd.Rmd
[2026-05-20 19:49:08] phase=rmd->md status=ok duration=1.195s file=Rmd/anomalies/22-regression-hanr_rtad.Rmd
[2026-05-20 19:49:09] phase=rmd->md status=ok duration=1.042s file=Rmd/anomalies/23-regression-hanr_wavelet.Rmd
[2026-05-20 19:49:10] phase=rmd->md status=ok duration=1.298s file=Rmd/anomalies/30-regression-ml-hanr_ml_elm.Rmd
[2026-05-20 19:49:11] phase=rmd->md status=ok duration=1.065s file=Rmd/anomalies/31-regression-ml-hanr_ml_mlp.Rmd
[2026-05-20 19:49:12] phase=rmd->md status=ok duration=0.868s file=Rmd/anomalies/32-regression-ml-hanr_ml_rf.Rmd
[2026-05-20 19:49:13] phase=rmd->md status=ok duration=1.274s file=Rmd/anomalies/33-regression-ml-hanr_ml_svm.Rmd
[2026-05-20 19:49:19] phase=rmd->md status=ok duration=6.119s file=Rmd/anomalies/34-regression-ml-hanr_ml_lstm.Rmd
[2026-05-20 19:49:23] phase=rmd->md status=ok duration=3.273s file=Rmd/anomalies/35-regression-ml-hanr_ml_conv1d.Rmd
[2026-05-20 19:49:25] phase=rmd->md status=ok duration=2.192s file=Rmd/anomalies/40-classification-hanc_ml_majority.Rmd
[2026-05-20 19:49:27] phase=rmd->md status=ok duration=1.905s file=Rmd/anomalies/41-classification-hanc_ml_dtree.Rmd
[2026-05-20 19:49:29] phase=rmd->md status=ok duration=2.240s file=Rmd/anomalies/42-classification-hanc_ml_knn.Rmd
[2026-05-20 19:49:31] phase=rmd->md status=ok duration=1.750s file=Rmd/anomalies/43-classification-hanc_ml_nb.Rmd
[2026-05-20 19:49:32] phase=rmd->md status=ok duration=1.706s file=Rmd/anomalies/44-classification-hanc_ml_rf.Rmd
[2026-05-20 19:49:34] phase=rmd->md status=ok duration=1.773s file=Rmd/anomalies/45-classification-hanc_ml_svm.Rmd
[2026-05-20 19:49:36] phase=rmd->md status=ok duration=1.943s file=Rmd/anomalies/46-classification-hanc_ml_mlp.Rmd
[2026-05-20 19:49:37] phase=rmd->md status=ok duration=1.184s file=Rmd/anomalies/50-clustering-hanct_kmeans_anomaly.Rmd
[2026-05-20 19:49:41] phase=rmd->md status=ok duration=3.681s file=Rmd/anomalies/51-clustering-hanct_dtw_anomaly.Rmd
[2026-05-20 19:49:42] phase=rmd->md status=ok duration=1.297s file=Rmd/anomalies/60-discord-hanct_kmeans_discord.Rmd
[2026-05-20 19:49:44] phase=rmd->md status=ok duration=1.855s file=Rmd/anomalies/61-discord-hanct_dtw_discord.Rmd
[2026-05-20 19:49:46] phase=rmd->md status=ok duration=2.249s file=Rmd/anomalies/70-ensemble-hanr_ensemble.Rmd
[2026-05-20 19:49:49] phase=rmd->md status=ok duration=2.268s file=Rmd/anomalies/71-ensemble-hanr_ensemble_fuzzy.Rmd
[2026-05-20 19:49:50] phase=rmd->md status=ok duration=1.504s file=Rmd/anomalies/80-autoencoder-han_autoenc_ed.Rmd
[2026-05-20 19:49:52] phase=rmd->md status=ok duration=1.558s file=Rmd/anomalies/81-autoencoder-han_autoenc_denoise_ed.Rmd
[2026-05-20 19:49:53] phase=rmd->md status=ok duration=1.434s file=Rmd/anomalies/82-autoencoder-han_autoenc_conv_ed.Rmd
[2026-05-20 19:49:56] phase=rmd->md status=ok duration=2.764s file=Rmd/anomalies/83-autoencoder-han_autoenc_lstm_ed.Rmd
[2026-05-20 19:49:58] phase=rmd->md status=ok duration=2.148s file=Rmd/anomalies/84-autoencoder-han_autoenc_stacked_ed.Rmd
[2026-05-20 19:49:59] phase=rmd->md status=ok duration=1.387s file=Rmd/anomalies/85-autoencoder-han_autoenc_variational_ed.Rmd
[2026-05-20 19:50:01] phase=rmd->md status=ok duration=1.758s file=Rmd/anomalies/86-autoencoder-han_autoenc_adv_ed.Rmd
[2026-05-20 19:50:02] phase=rmd->md status=ok duration=1.136s file=Rmd/anomalies/90-multivariate-hmu_pca.Rmd
[2026-05-20 19:50:02] phase=rmd->md status=ok duration=0.011s file=Rmd/anomalies/README.Rmd
[2026-05-20 19:50:05] phase=rmd->md status=ok duration=2.749s file=Rmd/change_point/01-single-break-hcp_amoc.Rmd
[2026-05-20 19:50:06] phase=rmd->md status=ok duration=0.559s file=Rmd/change_point/02-multiple-breaks-hcp_binseg.Rmd
[2026-05-20 19:50:06] phase=rmd->md status=ok duration=0.567s file=Rmd/change_point/03-multiple-breaks-hcp_pelt.Rmd
[2026-05-20 19:50:07] phase=rmd->md status=ok duration=0.650s file=Rmd/change_point/04-structural-break-hcp_chow.Rmd
[2026-05-20 19:50:11] phase=rmd->md status=ok duration=3.849s file=Rmd/change_point/05-structural-break-hcp_gft.Rmd
[2026-05-20 19:50:11] phase=rmd->md status=ok duration=0.806s file=Rmd/change_point/06-changefinder-hcp_cf_lr.Rmd
[2026-05-20 19:50:12] phase=rmd->md status=ok duration=1.009s file=Rmd/change_point/07-changefinder-hcp_cf_arima.Rmd
[2026-05-20 19:50:13] phase=rmd->md status=ok duration=0.953s file=Rmd/change_point/08-changefinder-hcp_cf_ets.Rmd
[2026-05-20 19:50:15] phase=rmd->md status=ok duration=1.251s file=Rmd/change_point/09-volatility-hcp_garch.Rmd
[2026-05-20 19:50:16] phase=rmd->md status=ok duration=1.600s file=Rmd/change_point/10-window-hcp_scp.Rmd
[2026-05-20 19:50:24] phase=rmd->md status=ok duration=7.552s file=Rmd/change_point/11-waypoint-hcp_waypoint_ed.Rmd
[2026-05-20 19:50:33] phase=rmd->md status=ok duration=9.329s file=Rmd/change_point/12-waypoint-hcp_waypoint_lstm.Rmd
[2026-05-20 19:50:41] phase=rmd->md status=ok duration=7.385s file=Rmd/change_point/13-waypoint-hcp_waypoint_conv.Rmd
[2026-05-20 19:51:12] phase=rmd->md status=ok duration=31.607s file=Rmd/change_point/14-bocpd-hcp_bocpd.Rmd
[2026-05-20 19:51:14] phase=rmd->md status=ok duration=1.822s file=Rmd/change_point/15-ensemble-fuzzy-har_ensemble_fuzzy.Rmd
[2026-05-20 19:51:16] phase=rmd->md status=ok duration=2.204s file=Rmd/change_point/16-plot-ensemble-har_plot_ensemble.Rmd
[2026-05-20 19:51:17] phase=rmd->md status=ok duration=0.687s file=Rmd/change_point/17-page-hinkley-hcp_page_hinkley.Rmd
[2026-05-20 19:51:18] phase=rmd->md status=ok duration=0.776s file=Rmd/change_point/18-kswin-hcp_kswin.Rmd
[2026-05-20 19:52:47] phase=rmd->md status=ok duration=89.231s file=Rmd/change_point/19-joinpoint-hcp_joinpoint.Rmd
[2026-05-20 19:52:47] phase=rmd->md status=ok duration=0.011s file=Rmd/change_point/README.Rmd
[2026-05-20 19:52:49] phase=rmd->md status=ok duration=1.662s file=Rmd/custom/01-transformation-custom_transformation.Rmd
[2026-05-20 19:52:49] phase=rmd->md status=ok duration=0.337s file=Rmd/custom/02-anomaly-custom_anomaly.Rmd
[2026-05-20 19:52:50] phase=rmd->md status=ok duration=0.905s file=Rmd/custom/03-sequence-custom_sequence_anomaly.Rmd
[2026-05-20 19:52:50] phase=rmd->md status=ok duration=0.664s file=Rmd/custom/04-change-point-custom_change_point.Rmd
[2026-05-20 19:52:51] phase=rmd->md status=ok duration=0.617s file=Rmd/custom/05-motif-custom_motif.Rmd
[2026-05-20 19:52:51] phase=rmd->md status=ok duration=0.091s file=Rmd/custom/06-evaluation-custom_evaluation.Rmd
[2026-05-20 19:52:51] phase=rmd->md status=ok duration=0.058s file=Rmd/custom/README.Rmd
[2026-05-20 19:52:55] phase=rmd->md status=ok duration=4.118s file=Rmd/datasets/01-benchmarks-yahoo_benchmarks.Rmd
[2026-05-20 19:53:02] phase=rmd->md status=ok duration=6.262s file=Rmd/datasets/02-benchmarks-nab.Rmd
[2026-05-20 19:53:06] phase=rmd->md status=ok duration=4.567s file=Rmd/datasets/03-benchmarks-ucr.Rmd
[2026-05-20 19:53:13] phase=rmd->md status=ok duration=7.232s file=Rmd/datasets/04-domain-mit_bih.Rmd
[2026-05-20 19:53:21] phase=rmd->md status=ok duration=7.292s file=Rmd/datasets/05-domain-oil_3w.Rmd
[2026-05-20 19:53:22] phase=rmd->md status=ok duration=1.570s file=Rmd/datasets/06-domain-gecco.Rmd
[2026-05-20 19:53:22] phase=rmd->md status=ok duration=0.011s file=Rmd/datasets/README.Rmd
[2026-05-20 19:53:25] phase=rmd->md status=ok duration=3.132s file=Rmd/general/01-orientation-examples_harbinger.Rmd
[2026-05-20 19:53:30] phase=rmd->md status=ok duration=4.240s file=Rmd/general/02-orientation-examples_anomalies.Rmd
[2026-05-20 19:53:32] phase=rmd->md status=ok duration=2.329s file=Rmd/general/03-orientation-examples_changepoints.Rmd
[2026-05-20 19:53:33] phase=rmd->md status=ok duration=1.070s file=Rmd/general/04-orientation-examples_motifs.Rmd
[2026-05-20 19:53:34] phase=rmd->md status=ok duration=0.723s file=Rmd/general/05-utilities-examples_deviation_measures.Rmd
[2026-05-20 19:53:44] phase=rmd->md status=ok duration=9.864s file=Rmd/general/06-utilities-examples_filter_criteria_candidate_selection.Rmd
[2026-05-20 19:53:46] phase=rmd->md status=ok duration=2.566s file=Rmd/general/07-evaluation-har_eval.Rmd
[2026-05-20 19:53:47] phase=rmd->md status=ok duration=0.374s file=Rmd/general/08-evaluation-har_eval_soft.Rmd
[2026-05-20 19:53:47] phase=rmd->md status=ok duration=0.011s file=Rmd/general/README.Rmd
[2026-05-20 19:53:48] phase=rmd->md status=ok duration=1.799s file=Rmd/motifs/01-matrix-profile-hmo_mp_stamp.Rmd
[2026-05-20 19:53:49] phase=rmd->md status=ok duration=0.534s file=Rmd/motifs/02-matrix-profile-hmo_mp_stomp.Rmd
[2026-05-20 19:53:50] phase=rmd->md status=ok duration=0.661s file=Rmd/motifs/03-matrix-profile-hmo_mp_scrimp.Rmd
[2026-05-20 19:53:50] phase=rmd->md status=ok duration=0.860s file=Rmd/motifs/04-matrix-profile-hmo_mp_pmp.Rmd
[2026-05-20 19:53:51] phase=rmd->md status=ok duration=0.930s file=Rmd/motifs/05-matrix-profile-hmo_mp_valmod.Rmd
[2026-05-20 19:53:52] phase=rmd->md status=ok duration=0.671s file=Rmd/motifs/06-symbolic-hmo_sax.Rmd
[2026-05-20 19:53:54] phase=rmd->md status=ok duration=1.472s file=Rmd/motifs/07-symbolic-hmo_xsax.Rmd
[2026-05-20 19:54:02] phase=rmd->md status=ok duration=7.980s file=Rmd/motifs/08-discord-hdis_mp_stamp.Rmd
[2026-05-20 19:54:05] phase=rmd->md status=ok duration=2.994s file=Rmd/motifs/09-discord-hdis_sax.Rmd
[2026-05-20 19:54:05] phase=rmd->md status=ok duration=0.061s file=Rmd/motifs/README.Rmd
[2026-05-20 19:54:05] phase=rmd->md status=ok duration=0.011s file=Rmd/README.Rmd
[2026-05-20 19:54:05] phase=rmd->md status=ok duration=0.768s file=Rmd/transformations/01-smoothing-mas.Rmd
[2026-05-20 19:54:06] phase=rmd->md status=ok duration=0.361s file=Rmd/transformations/02-symbolic-trans_sax.Rmd
[2026-05-20 19:54:07] phase=rmd->md status=ok duration=0.932s file=Rmd/transformations/03-symbolic-trans_xsax.Rmd
[2026-05-20 19:54:07] phase=rmd->md status=ok duration=0.011s file=Rmd/transformations/README.Rmd
[2026-05-20 19:54:07] phase=rmd->md status=ok duration=0.534s file=Rmd/tutorial/01-first-steps.Rmd
[2026-05-20 19:54:08] phase=rmd->md status=ok duration=0.422s file=Rmd/tutorial/02-knowing-your-data.Rmd
[2026-05-20 19:54:09] phase=rmd->md status=ok duration=1.760s file=Rmd/tutorial/03-plotting-series.Rmd
[2026-05-20 19:54:12] phase=rmd->md status=ok duration=2.165s file=Rmd/tutorial/04-first-anomaly-detector.Rmd
[2026-05-20 19:54:13] phase=rmd->md status=ok duration=1.010s file=Rmd/tutorial/05-model-based-anomaly-detection.Rmd
[2026-05-20 19:54:13] phase=rmd->md status=ok duration=0.411s file=Rmd/tutorial/06-evaluating-detections.Rmd
[2026-05-20 19:54:13] phase=rmd->md status=ok duration=0.519s file=Rmd/tutorial/07-first-change-point-detector.Rmd
[2026-05-20 19:54:15] phase=rmd->md status=ok duration=1.327s file=Rmd/tutorial/08-smoothing-with-mas.Rmd
[2026-05-20 19:54:15] phase=rmd->md status=ok duration=0.364s file=Rmd/tutorial/09-symbolic-representation.Rmd
[2026-05-20 19:54:17] phase=rmd->md status=ok duration=1.463s file=Rmd/tutorial/10-motifs-and-discords.Rmd
[2026-05-20 19:54:17] phase=rmd->md status=ok duration=0.012s file=Rmd/tutorial/README.Rmd
[2026-05-20 19:54:20] phase=rmd->docx status=ok duration=2.889s file=Rmd/anomalies/01-baseline-hanr_histogram.Rmd
[2026-05-20 19:54:22] phase=rmd->docx status=ok duration=2.288s file=Rmd/anomalies/10-regression-hanr_arima.Rmd
[2026-05-20 19:54:25] phase=rmd->docx status=ok duration=2.920s file=Rmd/anomalies/11-regression-hanr_fbiad.Rmd
[2026-05-20 19:54:27] phase=rmd->docx status=ok duration=2.017s file=Rmd/anomalies/12-regression-hanr_emd.Rmd
[2026-05-20 19:54:30] phase=rmd->docx status=ok duration=2.982s file=Rmd/anomalies/13-regression-hanr_fft.Rmd
[2026-05-20 19:54:31] phase=rmd->docx status=ok duration=1.682s file=Rmd/anomalies/14-regression-hanr_fft_amoc.Rmd
[2026-05-20 19:54:33] phase=rmd->docx status=ok duration=1.999s file=Rmd/anomalies/15-regression-hanr_fft_amoc_cusum.Rmd
[2026-05-20 19:54:35] phase=rmd->docx status=ok duration=1.463s file=Rmd/anomalies/16-regression-hanr_fft_binseg.Rmd
[2026-05-20 19:54:37] phase=rmd->docx status=ok duration=2.377s file=Rmd/anomalies/17-regression-hanr_fft_binseg_cusum.Rmd
[2026-05-20 19:54:39] phase=rmd->docx status=ok duration=2.012s file=Rmd/anomalies/18-regression-hanr_fft_sma.Rmd
[2026-05-20 19:54:42] phase=rmd->docx status=ok duration=2.101s file=Rmd/anomalies/20-regression-hanr_garch.Rmd
[2026-05-20 19:54:43] phase=rmd->docx status=ok duration=1.446s file=Rmd/anomalies/21-regression-hanr_remd.Rmd
[2026-05-20 19:54:46] phase=rmd->docx status=ok duration=2.532s file=Rmd/anomalies/22-regression-hanr_rtad.Rmd
[2026-05-20 19:54:48] phase=rmd->docx status=ok duration=1.961s file=Rmd/anomalies/23-regression-hanr_wavelet.Rmd
[2026-05-20 19:54:51] phase=rmd->docx status=ok duration=2.586s file=Rmd/anomalies/30-regression-ml-hanr_ml_elm.Rmd
[2026-05-20 19:54:52] phase=rmd->docx status=ok duration=1.723s file=Rmd/anomalies/31-regression-ml-hanr_ml_mlp.Rmd
[2026-05-20 19:54:55] phase=rmd->docx status=ok duration=2.364s file=Rmd/anomalies/32-regression-ml-hanr_ml_rf.Rmd
[2026-05-20 19:54:57] phase=rmd->docx status=ok duration=2.071s file=Rmd/anomalies/33-regression-ml-hanr_ml_svm.Rmd
[2026-05-20 19:55:01] phase=rmd->docx status=ok duration=3.856s file=Rmd/anomalies/34-regression-ml-hanr_ml_lstm.Rmd
[2026-05-20 19:55:04] phase=rmd->docx status=ok duration=3.367s file=Rmd/anomalies/35-regression-ml-hanr_ml_conv1d.Rmd
[2026-05-20 19:55:07] phase=rmd->docx status=ok duration=2.591s file=Rmd/anomalies/40-classification-hanc_ml_majority.Rmd
[2026-05-20 19:55:08] phase=rmd->docx status=ok duration=1.307s file=Rmd/anomalies/41-classification-hanc_ml_dtree.Rmd
[2026-05-20 19:55:09] phase=rmd->docx status=ok duration=1.375s file=Rmd/anomalies/42-classification-hanc_ml_knn.Rmd
[2026-05-20 19:55:11] phase=rmd->docx status=ok duration=1.320s file=Rmd/anomalies/43-classification-hanc_ml_nb.Rmd
[2026-05-20 19:55:12] phase=rmd->docx status=ok duration=1.299s file=Rmd/anomalies/44-classification-hanc_ml_rf.Rmd
[2026-05-20 19:55:13] phase=rmd->docx status=ok duration=1.309s file=Rmd/anomalies/45-classification-hanc_ml_svm.Rmd
[2026-05-20 19:55:15] phase=rmd->docx status=ok duration=1.259s file=Rmd/anomalies/46-classification-hanc_ml_mlp.Rmd
[2026-05-20 19:55:16] phase=rmd->docx status=ok duration=1.109s file=Rmd/anomalies/50-clustering-hanct_kmeans_anomaly.Rmd
[2026-05-20 19:55:19] phase=rmd->docx status=ok duration=2.759s file=Rmd/anomalies/51-clustering-hanct_dtw_anomaly.Rmd
[2026-05-20 19:55:20] phase=rmd->docx status=ok duration=1.219s file=Rmd/anomalies/60-discord-hanct_kmeans_discord.Rmd
[2026-05-20 19:55:21] phase=rmd->docx status=ok duration=1.549s file=Rmd/anomalies/61-discord-hanct_dtw_discord.Rmd
[2026-05-20 19:55:23] phase=rmd->docx status=ok duration=1.537s file=Rmd/anomalies/70-ensemble-hanr_ensemble.Rmd
[2026-05-20 19:55:24] phase=rmd->docx status=ok duration=1.512s file=Rmd/anomalies/71-ensemble-hanr_ensemble_fuzzy.Rmd
[2026-05-20 19:55:30] phase=rmd->docx status=ok duration=5.183s file=Rmd/anomalies/80-autoencoder-han_autoenc_ed.Rmd
[2026-05-20 19:55:31] phase=rmd->docx status=ok duration=1.642s file=Rmd/anomalies/81-autoencoder-han_autoenc_denoise_ed.Rmd
[2026-05-20 19:55:33] phase=rmd->docx status=ok duration=1.813s file=Rmd/anomalies/82-autoencoder-han_autoenc_conv_ed.Rmd
[2026-05-20 19:55:35] phase=rmd->docx status=ok duration=1.978s file=Rmd/anomalies/83-autoencoder-han_autoenc_lstm_ed.Rmd
[2026-05-20 19:55:37] phase=rmd->docx status=ok duration=2.304s file=Rmd/anomalies/84-autoencoder-han_autoenc_stacked_ed.Rmd
[2026-05-20 19:55:39] phase=rmd->docx status=ok duration=1.817s file=Rmd/anomalies/85-autoencoder-han_autoenc_variational_ed.Rmd
[2026-05-20 19:55:42] phase=rmd->docx status=ok duration=2.804s file=Rmd/anomalies/86-autoencoder-han_autoenc_adv_ed.Rmd
[2026-05-20 19:56:00] phase=rmd->docx status=ok duration=17.934s file=Rmd/anomalies/90-multivariate-hmu_pca.Rmd
[2026-05-20 19:56:01] phase=rmd->docx status=ok duration=0.721s file=Rmd/anomalies/README.Rmd
[2026-05-20 19:56:02] phase=rmd->docx status=ok duration=1.525s file=Rmd/change_point/01-single-break-hcp_amoc.Rmd
[2026-05-20 19:56:04] phase=rmd->docx status=ok duration=1.911s file=Rmd/change_point/02-multiple-breaks-hcp_binseg.Rmd
[2026-05-20 19:56:06] phase=rmd->docx status=ok duration=2.148s file=Rmd/change_point/03-multiple-breaks-hcp_pelt.Rmd
[2026-05-20 19:56:07] phase=rmd->docx status=ok duration=0.965s file=Rmd/change_point/04-structural-break-hcp_chow.Rmd
[2026-05-20 19:56:12] phase=rmd->docx status=ok duration=4.421s file=Rmd/change_point/05-structural-break-hcp_gft.Rmd
[2026-05-20 19:56:14] phase=rmd->docx status=ok duration=1.830s file=Rmd/change_point/06-changefinder-hcp_cf_lr.Rmd
[2026-05-20 19:56:16] phase=rmd->docx status=ok duration=2.209s file=Rmd/change_point/07-changefinder-hcp_cf_arima.Rmd
[2026-05-20 19:56:18] phase=rmd->docx status=ok duration=1.870s file=Rmd/change_point/08-changefinder-hcp_cf_ets.Rmd
[2026-05-20 19:56:21] phase=rmd->docx status=ok duration=2.514s file=Rmd/change_point/09-volatility-hcp_garch.Rmd
[2026-05-20 19:56:23] phase=rmd->docx status=ok duration=2.924s file=Rmd/change_point/10-window-hcp_scp.Rmd
[2026-05-20 19:56:31] phase=rmd->docx status=ok duration=7.480s file=Rmd/change_point/11-waypoint-hcp_waypoint_ed.Rmd
[2026-05-20 19:56:40] phase=rmd->docx status=ok duration=8.954s file=Rmd/change_point/12-waypoint-hcp_waypoint_lstm.Rmd
[2026-05-20 19:56:48] phase=rmd->docx status=ok duration=7.960s file=Rmd/change_point/13-waypoint-hcp_waypoint_conv.Rmd
[2026-05-20 19:56:50] phase=rmd->docx status=ok duration=2.618s file=Rmd/change_point/14-bocpd-hcp_bocpd.Rmd
[2026-05-20 19:56:53] phase=rmd->docx status=ok duration=2.866s file=Rmd/change_point/15-ensemble-fuzzy-har_ensemble_fuzzy.Rmd
[2026-05-20 19:56:57] phase=rmd->docx status=ok duration=3.917s file=Rmd/change_point/16-plot-ensemble-har_plot_ensemble.Rmd
[2026-05-20 19:56:59] phase=rmd->docx status=ok duration=1.591s file=Rmd/change_point/17-page-hinkley-hcp_page_hinkley.Rmd
[2026-05-20 19:57:00] phase=rmd->docx status=ok duration=1.321s file=Rmd/change_point/18-kswin-hcp_kswin.Rmd
[2026-05-20 19:58:29] phase=rmd->docx status=ok duration=88.907s file=Rmd/change_point/19-joinpoint-hcp_joinpoint.Rmd
[2026-05-20 19:58:29] phase=rmd->docx status=ok duration=0.134s file=Rmd/change_point/README.Rmd
[2026-05-20 19:58:31] phase=rmd->docx status=ok duration=2.008s file=Rmd/custom/01-transformation-custom_transformation.Rmd
[2026-05-20 19:58:32] phase=rmd->docx status=ok duration=0.962s file=Rmd/custom/02-anomaly-custom_anomaly.Rmd
[2026-05-20 19:58:34] phase=rmd->docx status=ok duration=2.133s file=Rmd/custom/03-sequence-custom_sequence_anomaly.Rmd
[2026-05-20 19:58:35] phase=rmd->docx status=ok duration=0.981s file=Rmd/custom/04-change-point-custom_change_point.Rmd
[2026-05-20 19:58:36] phase=rmd->docx status=ok duration=0.963s file=Rmd/custom/05-motif-custom_motif.Rmd
[2026-05-20 19:58:37] phase=rmd->docx status=ok duration=0.747s file=Rmd/custom/06-evaluation-custom_evaluation.Rmd
[2026-05-20 19:58:37] phase=rmd->docx status=ok duration=0.082s file=Rmd/custom/README.Rmd
[2026-05-20 19:58:41] phase=rmd->docx status=ok duration=4.063s file=Rmd/datasets/01-benchmarks-yahoo_benchmarks.Rmd
[2026-05-20 19:58:47] phase=rmd->docx status=ok duration=5.554s file=Rmd/datasets/02-benchmarks-nab.Rmd
[2026-05-20 19:58:52] phase=rmd->docx status=ok duration=4.887s file=Rmd/datasets/03-benchmarks-ucr.Rmd
[2026-05-20 19:58:58] phase=rmd->docx status=ok duration=5.971s file=Rmd/datasets/04-domain-mit_bih.Rmd
[2026-05-20 19:59:05] phase=rmd->docx status=ok duration=7.302s file=Rmd/datasets/05-domain-oil_3w.Rmd
[2026-05-20 19:59:07] phase=rmd->docx status=ok duration=1.730s file=Rmd/datasets/06-domain-gecco.Rmd
[2026-05-20 19:59:07] phase=rmd->docx status=ok duration=0.065s file=Rmd/datasets/README.Rmd
[2026-05-20 19:59:11] phase=rmd->docx status=ok duration=4.190s file=Rmd/general/01-orientation-examples_harbinger.Rmd
[2026-05-20 19:59:16] phase=rmd->docx status=ok duration=4.699s file=Rmd/general/02-orientation-examples_anomalies.Rmd
[2026-05-20 19:59:21] phase=rmd->docx status=ok duration=5.060s file=Rmd/general/03-orientation-examples_changepoints.Rmd
[2026-05-20 19:59:23] phase=rmd->docx status=ok duration=2.348s file=Rmd/general/04-orientation-examples_motifs.Rmd
[2026-05-20 19:59:24] phase=rmd->docx status=ok duration=1.055s file=Rmd/general/05-utilities-examples_deviation_measures.Rmd
[2026-05-20 19:59:37] phase=rmd->docx status=ok duration=12.327s file=Rmd/general/06-utilities-examples_filter_criteria_candidate_selection.Rmd
[2026-05-20 19:59:38] phase=rmd->docx status=ok duration=1.674s file=Rmd/general/07-evaluation-har_eval.Rmd
[2026-05-20 19:59:39] phase=rmd->docx status=ok duration=1.022s file=Rmd/general/08-evaluation-har_eval_soft.Rmd
[2026-05-20 19:59:39] phase=rmd->docx status=ok duration=0.070s file=Rmd/general/README.Rmd
[2026-05-20 19:59:41] phase=rmd->docx status=ok duration=1.602s file=Rmd/motifs/01-matrix-profile-hmo_mp_stamp.Rmd
[2026-05-20 19:59:43] phase=rmd->docx status=ok duration=1.811s file=Rmd/motifs/02-matrix-profile-hmo_mp_stomp.Rmd
[2026-05-20 19:59:44] phase=rmd->docx status=ok duration=0.916s file=Rmd/motifs/03-matrix-profile-hmo_mp_scrimp.Rmd
[2026-05-20 19:59:45] phase=rmd->docx status=ok duration=1.228s file=Rmd/motifs/04-matrix-profile-hmo_mp_pmp.Rmd
[2026-05-20 19:59:47] phase=rmd->docx status=ok duration=2.345s file=Rmd/motifs/05-matrix-profile-hmo_mp_valmod.Rmd
[2026-05-20 19:59:49] phase=rmd->docx status=ok duration=1.225s file=Rmd/motifs/06-symbolic-hmo_sax.Rmd
[2026-05-20 19:59:50] phase=rmd->docx status=ok duration=1.251s file=Rmd/motifs/07-symbolic-hmo_xsax.Rmd
[2026-05-20 19:59:59] phase=rmd->docx status=ok duration=9.521s file=Rmd/motifs/08-discord-hdis_mp_stamp.Rmd
[2026-05-20 20:00:03] phase=rmd->docx status=ok duration=3.605s file=Rmd/motifs/09-discord-hdis_sax.Rmd
[2026-05-20 20:00:03] phase=rmd->docx status=ok duration=0.070s file=Rmd/motifs/README.Rmd
[2026-05-20 20:00:03] phase=rmd->docx status=ok duration=0.067s file=Rmd/README.Rmd
[2026-05-20 20:00:05] phase=rmd->docx status=ok duration=1.681s file=Rmd/transformations/01-smoothing-mas.Rmd
[2026-05-20 20:00:05] phase=rmd->docx status=ok duration=0.728s file=Rmd/transformations/02-symbolic-trans_sax.Rmd
[2026-05-20 20:00:08] phase=rmd->docx status=ok duration=2.710s file=Rmd/transformations/03-symbolic-trans_xsax.Rmd
[2026-05-20 20:00:08] phase=rmd->docx status=ok duration=0.064s file=Rmd/transformations/README.Rmd
[2026-05-20 20:00:09] phase=rmd->docx status=ok duration=1.210s file=Rmd/tutorial/01-first-steps.Rmd
[2026-05-20 20:00:11] phase=rmd->docx status=ok duration=1.187s file=Rmd/tutorial/02-knowing-your-data.Rmd
[2026-05-20 20:00:12] phase=rmd->docx status=ok duration=1.436s file=Rmd/tutorial/03-plotting-series.Rmd
[2026-05-20 20:00:13] phase=rmd->docx status=ok duration=0.893s file=Rmd/tutorial/04-first-anomaly-detector.Rmd
[2026-05-20 20:00:15] phase=rmd->docx status=ok duration=1.672s file=Rmd/tutorial/05-model-based-anomaly-detection.Rmd
[2026-05-20 20:00:16] phase=rmd->docx status=ok duration=1.877s file=Rmd/tutorial/06-evaluating-detections.Rmd
[2026-05-20 20:00:17] phase=rmd->docx status=ok duration=0.905s file=Rmd/tutorial/07-first-change-point-detector.Rmd
[2026-05-20 20:00:18] phase=rmd->docx status=ok duration=1.017s file=Rmd/tutorial/08-smoothing-with-mas.Rmd
[2026-05-20 20:00:20] phase=rmd->docx status=ok duration=1.318s file=Rmd/tutorial/09-symbolic-representation.Rmd
[2026-05-20 20:00:21] phase=rmd->docx status=ok duration=0.895s file=Rmd/tutorial/10-motifs-and-discords.Rmd
[2026-05-20 20:00:21] phase=rmd->docx status=ok duration=0.132s file=Rmd/tutorial/README.Rmd
[2026-05-20 20:00:21] phase=rmd->r status=ok duration=0.019s file=Rmd/anomalies/01-baseline-hanr_histogram.Rmd
[2026-05-20 20:00:21] phase=rmd->r status=ok duration=0.026s file=Rmd/anomalies/10-regression-hanr_arima.Rmd
[2026-05-20 20:00:21] phase=rmd->r status=ok duration=0.017s file=Rmd/anomalies/11-regression-hanr_fbiad.Rmd
[2026-05-20 20:00:21] phase=rmd->r status=ok duration=0.017s file=Rmd/anomalies/12-regression-hanr_emd.Rmd
[2026-05-20 20:00:21] phase=rmd->r status=ok duration=0.017s file=Rmd/anomalies/13-regression-hanr_fft.Rmd
[2026-05-20 20:00:21] phase=rmd->r status=ok duration=0.017s file=Rmd/anomalies/14-regression-hanr_fft_amoc.Rmd
[2026-05-20 20:00:21] phase=rmd->r status=ok duration=0.017s file=Rmd/anomalies/15-regression-hanr_fft_amoc_cusum.Rmd
[2026-05-20 20:00:21] phase=rmd->r status=ok duration=0.017s file=Rmd/anomalies/16-regression-hanr_fft_binseg.Rmd
[2026-05-20 20:00:21] phase=rmd->r status=ok duration=0.017s file=Rmd/anomalies/17-regression-hanr_fft_binseg_cusum.Rmd
[2026-05-20 20:00:21] phase=rmd->r status=ok duration=0.017s file=Rmd/anomalies/18-regression-hanr_fft_sma.Rmd
[2026-05-20 20:00:21] phase=rmd->r status=ok duration=0.017s file=Rmd/anomalies/20-regression-hanr_garch.Rmd
[2026-05-20 20:00:21] phase=rmd->r status=ok duration=0.081s file=Rmd/anomalies/21-regression-hanr_remd.Rmd
[2026-05-20 20:00:21] phase=rmd->r status=ok duration=0.018s file=Rmd/anomalies/22-regression-hanr_rtad.Rmd
[2026-05-20 20:00:21] phase=rmd->r status=ok duration=0.017s file=Rmd/anomalies/23-regression-hanr_wavelet.Rmd
[2026-05-20 20:00:21] phase=rmd->r status=ok duration=0.017s file=Rmd/anomalies/30-regression-ml-hanr_ml_elm.Rmd
[2026-05-20 20:00:21] phase=rmd->r status=ok duration=0.017s file=Rmd/anomalies/31-regression-ml-hanr_ml_mlp.Rmd
[2026-05-20 20:00:21] phase=rmd->r status=ok duration=0.017s file=Rmd/anomalies/32-regression-ml-hanr_ml_rf.Rmd
[2026-05-20 20:00:21] phase=rmd->r status=ok duration=0.017s file=Rmd/anomalies/33-regression-ml-hanr_ml_svm.Rmd
[2026-05-20 20:00:21] phase=rmd->r status=ok duration=0.017s file=Rmd/anomalies/34-regression-ml-hanr_ml_lstm.Rmd
[2026-05-20 20:00:21] phase=rmd->r status=ok duration=0.017s file=Rmd/anomalies/35-regression-ml-hanr_ml_conv1d.Rmd
[2026-05-20 20:00:21] phase=rmd->r status=ok duration=0.083s file=Rmd/anomalies/40-classification-hanc_ml_majority.Rmd
[2026-05-20 20:00:21] phase=rmd->r status=ok duration=0.018s file=Rmd/anomalies/41-classification-hanc_ml_dtree.Rmd
[2026-05-20 20:00:21] phase=rmd->r status=ok duration=0.018s file=Rmd/anomalies/42-classification-hanc_ml_knn.Rmd
[2026-05-20 20:00:21] phase=rmd->r status=ok duration=0.018s file=Rmd/anomalies/43-classification-hanc_ml_nb.Rmd
[2026-05-20 20:00:21] phase=rmd->r status=ok duration=0.036s file=Rmd/anomalies/44-classification-hanc_ml_rf.Rmd
[2026-05-20 20:00:21] phase=rmd->r status=ok duration=0.020s file=Rmd/anomalies/45-classification-hanc_ml_svm.Rmd
[2026-05-20 20:00:21] phase=rmd->r status=ok duration=0.019s file=Rmd/anomalies/46-classification-hanc_ml_mlp.Rmd
[2026-05-20 20:00:21] phase=rmd->r status=ok duration=0.017s file=Rmd/anomalies/50-clustering-hanct_kmeans_anomaly.Rmd
[2026-05-20 20:00:21] phase=rmd->r status=ok duration=0.017s file=Rmd/anomalies/51-clustering-hanct_dtw_anomaly.Rmd
[2026-05-20 20:00:21] phase=rmd->r status=ok duration=0.017s file=Rmd/anomalies/60-discord-hanct_kmeans_discord.Rmd
[2026-05-20 20:00:21] phase=rmd->r status=ok duration=0.017s file=Rmd/anomalies/61-discord-hanct_dtw_discord.Rmd
[2026-05-20 20:00:22] phase=rmd->r status=ok duration=0.083s file=Rmd/anomalies/70-ensemble-hanr_ensemble.Rmd
[2026-05-20 20:00:22] phase=rmd->r status=ok duration=0.018s file=Rmd/anomalies/71-ensemble-hanr_ensemble_fuzzy.Rmd
[2026-05-20 20:00:22] phase=rmd->r status=ok duration=0.017s file=Rmd/anomalies/80-autoencoder-han_autoenc_ed.Rmd
[2026-05-20 20:00:22] phase=rmd->r status=ok duration=0.017s file=Rmd/anomalies/81-autoencoder-han_autoenc_denoise_ed.Rmd
[2026-05-20 20:00:22] phase=rmd->r status=ok duration=0.017s file=Rmd/anomalies/82-autoencoder-han_autoenc_conv_ed.Rmd
[2026-05-20 20:00:22] phase=rmd->r status=ok duration=0.018s file=Rmd/anomalies/83-autoencoder-han_autoenc_lstm_ed.Rmd
[2026-05-20 20:00:22] phase=rmd->r status=ok duration=0.017s file=Rmd/anomalies/84-autoencoder-han_autoenc_stacked_ed.Rmd
[2026-05-20 20:00:22] phase=rmd->r status=ok duration=0.016s file=Rmd/anomalies/85-autoencoder-han_autoenc_variational_ed.Rmd
[2026-05-20 20:00:22] phase=rmd->r status=ok duration=0.017s file=Rmd/anomalies/86-autoencoder-han_autoenc_adv_ed.Rmd
[2026-05-20 20:00:22] phase=rmd->r status=ok duration=0.081s file=Rmd/anomalies/90-multivariate-hmu_pca.Rmd
[2026-05-20 20:00:22] phase=rmd->r status=ok duration=0.000s file=Rmd/anomalies/README.Rmd
[2026-05-20 20:00:22] phase=rmd->r status=ok duration=0.018s file=Rmd/change_point/01-single-break-hcp_amoc.Rmd
[2026-05-20 20:00:22] phase=rmd->r status=ok duration=0.017s file=Rmd/change_point/02-multiple-breaks-hcp_binseg.Rmd
[2026-05-20 20:00:22] phase=rmd->r status=ok duration=0.017s file=Rmd/change_point/03-multiple-breaks-hcp_pelt.Rmd
[2026-05-20 20:00:22] phase=rmd->r status=ok duration=0.016s file=Rmd/change_point/04-structural-break-hcp_chow.Rmd
[2026-05-20 20:00:22] phase=rmd->r status=ok duration=0.016s file=Rmd/change_point/05-structural-break-hcp_gft.Rmd
[2026-05-20 20:00:22] phase=rmd->r status=ok duration=0.017s file=Rmd/change_point/06-changefinder-hcp_cf_lr.Rmd
[2026-05-20 20:00:22] phase=rmd->r status=ok duration=0.017s file=Rmd/change_point/07-changefinder-hcp_cf_arima.Rmd
[2026-05-20 20:00:22] phase=rmd->r status=ok duration=0.017s file=Rmd/change_point/08-changefinder-hcp_cf_ets.Rmd
[2026-05-20 20:00:22] phase=rmd->r status=ok duration=0.017s file=Rmd/change_point/09-volatility-hcp_garch.Rmd
[2026-05-20 20:00:22] phase=rmd->r status=ok duration=0.017s file=Rmd/change_point/10-window-hcp_scp.Rmd
[2026-05-20 20:00:22] phase=rmd->r status=ok duration=0.017s file=Rmd/change_point/11-waypoint-hcp_waypoint_ed.Rmd
[2026-05-20 20:00:22] phase=rmd->r status=ok duration=0.081s file=Rmd/change_point/12-waypoint-hcp_waypoint_lstm.Rmd
[2026-05-20 20:00:22] phase=rmd->r status=ok duration=0.018s file=Rmd/change_point/13-waypoint-hcp_waypoint_conv.Rmd
[2026-05-20 20:00:22] phase=rmd->r status=ok duration=0.016s file=Rmd/change_point/14-bocpd-hcp_bocpd.Rmd
[2026-05-20 20:00:22] phase=rmd->r status=ok duration=0.015s file=Rmd/change_point/15-ensemble-fuzzy-har_ensemble_fuzzy.Rmd
[2026-05-20 20:00:22] phase=rmd->r status=ok duration=0.014s file=Rmd/change_point/16-plot-ensemble-har_plot_ensemble.Rmd
[2026-05-20 20:00:22] phase=rmd->r status=ok duration=0.014s file=Rmd/change_point/17-page-hinkley-hcp_page_hinkley.Rmd
[2026-05-20 20:00:22] phase=rmd->r status=ok duration=0.014s file=Rmd/change_point/18-kswin-hcp_kswin.Rmd
[2026-05-20 20:00:22] phase=rmd->r status=ok duration=0.014s file=Rmd/change_point/19-joinpoint-hcp_joinpoint.Rmd
[2026-05-20 20:00:22] phase=rmd->r status=ok duration=0.000s file=Rmd/change_point/README.Rmd
[2026-05-20 20:00:22] phase=rmd->r status=ok duration=0.013s file=Rmd/custom/01-transformation-custom_transformation.Rmd
[2026-05-20 20:00:22] phase=rmd->r status=ok duration=0.013s file=Rmd/custom/02-anomaly-custom_anomaly.Rmd
[2026-05-20 20:00:22] phase=rmd->r status=ok duration=0.015s file=Rmd/custom/03-sequence-custom_sequence_anomaly.Rmd
[2026-05-20 20:00:22] phase=rmd->r status=ok duration=0.078s file=Rmd/custom/04-change-point-custom_change_point.Rmd
[2026-05-20 20:00:22] phase=rmd->r status=ok duration=0.014s file=Rmd/custom/05-motif-custom_motif.Rmd
[2026-05-20 20:00:22] phase=rmd->r status=ok duration=0.013s file=Rmd/custom/06-evaluation-custom_evaluation.Rmd
[2026-05-20 20:00:22] phase=rmd->r status=ok duration=0.000s file=Rmd/custom/README.Rmd
[2026-05-20 20:00:22] phase=rmd->r status=ok duration=0.016s file=Rmd/datasets/01-benchmarks-yahoo_benchmarks.Rmd
[2026-05-20 20:00:22] phase=rmd->r status=ok duration=0.018s file=Rmd/datasets/02-benchmarks-nab.Rmd
[2026-05-20 20:00:22] phase=rmd->r status=ok duration=0.016s file=Rmd/datasets/03-benchmarks-ucr.Rmd
[2026-05-20 20:00:22] phase=rmd->r status=ok duration=0.015s file=Rmd/datasets/04-domain-mit_bih.Rmd
[2026-05-20 20:00:22] phase=rmd->r status=ok duration=0.019s file=Rmd/datasets/05-domain-oil_3w.Rmd
[2026-05-20 20:00:22] phase=rmd->r status=ok duration=0.011s file=Rmd/datasets/06-domain-gecco.Rmd
[2026-05-20 20:00:22] phase=rmd->r status=ok duration=0.000s file=Rmd/datasets/README.Rmd
[2026-05-20 20:00:22] phase=rmd->r status=ok duration=0.015s file=Rmd/general/01-orientation-examples_harbinger.Rmd
[2026-05-20 20:00:22] phase=rmd->r status=ok duration=0.018s file=Rmd/general/02-orientation-examples_anomalies.Rmd
[2026-05-20 20:00:22] phase=rmd->r status=ok duration=0.016s file=Rmd/general/03-orientation-examples_changepoints.Rmd
[2026-05-20 20:00:22] phase=rmd->r status=ok duration=0.013s file=Rmd/general/04-orientation-examples_motifs.Rmd
[2026-05-20 20:00:22] phase=rmd->r status=ok duration=0.014s file=Rmd/general/05-utilities-examples_deviation_measures.Rmd
[2026-05-20 20:00:23] phase=rmd->r status=ok duration=0.088s file=Rmd/general/06-utilities-examples_filter_criteria_candidate_selection.Rmd
[2026-05-20 20:00:23] phase=rmd->r status=ok duration=0.017s file=Rmd/general/07-evaluation-har_eval.Rmd
[2026-05-20 20:00:23] phase=rmd->r status=ok duration=0.017s file=Rmd/general/08-evaluation-har_eval_soft.Rmd
[2026-05-20 20:00:23] phase=rmd->r status=ok duration=0.000s file=Rmd/general/README.Rmd
[2026-05-20 20:00:23] phase=rmd->r status=ok duration=0.017s file=Rmd/motifs/01-matrix-profile-hmo_mp_stamp.Rmd
[2026-05-20 20:00:23] phase=rmd->r status=ok duration=0.016s file=Rmd/motifs/02-matrix-profile-hmo_mp_stomp.Rmd
[2026-05-20 20:00:23] phase=rmd->r status=ok duration=0.016s file=Rmd/motifs/03-matrix-profile-hmo_mp_scrimp.Rmd
[2026-05-20 20:00:23] phase=rmd->r status=ok duration=0.016s file=Rmd/motifs/04-matrix-profile-hmo_mp_pmp.Rmd
[2026-05-20 20:00:23] phase=rmd->r status=ok duration=0.016s file=Rmd/motifs/05-matrix-profile-hmo_mp_valmod.Rmd
[2026-05-20 20:00:23] phase=rmd->r status=ok duration=0.016s file=Rmd/motifs/06-symbolic-hmo_sax.Rmd
[2026-05-20 20:00:23] phase=rmd->r status=ok duration=0.082s file=Rmd/motifs/07-symbolic-hmo_xsax.Rmd
[2026-05-20 20:00:23] phase=rmd->r status=ok duration=0.017s file=Rmd/motifs/08-discord-hdis_mp_stamp.Rmd
[2026-05-20 20:00:23] phase=rmd->r status=ok duration=0.017s file=Rmd/motifs/09-discord-hdis_sax.Rmd
[2026-05-20 20:00:23] phase=rmd->r status=ok duration=0.000s file=Rmd/motifs/README.Rmd
[2026-05-20 20:00:23] phase=rmd->r status=ok duration=0.000s file=Rmd/README.Rmd
[2026-05-20 20:00:23] phase=rmd->r status=ok duration=0.015s file=Rmd/transformations/01-smoothing-mas.Rmd
[2026-05-20 20:00:23] phase=rmd->r status=ok duration=0.015s file=Rmd/transformations/02-symbolic-trans_sax.Rmd
[2026-05-20 20:00:23] phase=rmd->r status=ok duration=0.015s file=Rmd/transformations/03-symbolic-trans_xsax.Rmd
[2026-05-20 20:00:23] phase=rmd->r status=ok duration=0.000s file=Rmd/transformations/README.Rmd
[2026-05-20 20:00:23] phase=rmd->r status=ok duration=0.013s file=Rmd/tutorial/01-first-steps.Rmd
[2026-05-20 20:00:23] phase=rmd->r status=ok duration=0.012s file=Rmd/tutorial/02-knowing-your-data.Rmd
[2026-05-20 20:00:23] phase=rmd->r status=ok duration=0.012s file=Rmd/tutorial/03-plotting-series.Rmd
[2026-05-20 20:00:23] phase=rmd->r status=ok duration=0.012s file=Rmd/tutorial/04-first-anomaly-detector.Rmd
[2026-05-20 20:00:23] phase=rmd->r status=ok duration=0.013s file=Rmd/tutorial/05-model-based-anomaly-detection.Rmd
[2026-05-20 20:00:23] phase=rmd->r status=ok duration=0.011s file=Rmd/tutorial/06-evaluating-detections.Rmd
[2026-05-20 20:00:23] phase=rmd->r status=ok duration=0.011s file=Rmd/tutorial/07-first-change-point-detector.Rmd
[2026-05-20 20:00:23] phase=rmd->r status=ok duration=0.012s file=Rmd/tutorial/08-smoothing-with-mas.Rmd
[2026-05-20 20:00:23] phase=rmd->r status=ok duration=0.012s file=Rmd/tutorial/09-symbolic-representation.Rmd
[2026-05-20 20:00:23] phase=rmd->r status=ok duration=0.076s file=Rmd/tutorial/10-motifs-and-discords.Rmd
[2026-05-20 20:00:23] phase=rmd->r status=ok duration=0.000s file=Rmd/tutorial/README.Rmd
Total measured duration: 697.226s
