[2026-07-08 10:22:56] phase=rmd->md status=ok duration=8.305s file=Rmd/online/01-online-session-simulated.Rmd
[2026-07-08 10:22:57] phase=rmd->md status=ok duration=0.613s file=Rmd/online/02-stream-experiment.Rmd
[2026-07-08 10:22:57] phase=rmd->md status=ok duration=0.179s file=Rmd/online/03-kafka-stub.Rmd
[2026-07-08 10:22:57] phase=rmd->md status=ok duration=0.274s file=Rmd/online/04-source-family.Rmd
[2026-07-08 10:22:57] phase=rmd->md status=ok duration=0.279s file=Rmd/online/05-memory-policies.Rmd
[2026-07-08 10:22:58] phase=rmd->md status=ok duration=0.458s file=Rmd/online/06-execution-strategies.Rmd
[2026-07-08 10:22:58] phase=rmd->md status=ok duration=0.233s file=Rmd/online/07-stream-evaluator.Rmd
[2026-07-08 10:22:58] phase=rmd->md status=ok duration=0.042s file=Rmd/online/README.Rmd
[2026-07-08 10:23:01] phase=rmd->docx status=ok duration=2.913s file=Rmd/online/01-online-session-simulated.Rmd
[2026-07-08 10:23:02] phase=rmd->docx status=ok duration=0.945s file=Rmd/online/02-stream-experiment.Rmd
[2026-07-08 10:23:02] phase=rmd->docx status=ok duration=0.465s file=Rmd/online/03-kafka-stub.Rmd
[2026-07-08 10:23:03] phase=rmd->docx status=ok duration=0.569s file=Rmd/online/04-source-family.Rmd
[2026-07-08 10:23:04] phase=rmd->docx status=ok duration=1.225s file=Rmd/online/05-memory-policies.Rmd
[2026-07-08 10:23:05] phase=rmd->docx status=ok duration=0.679s file=Rmd/online/06-execution-strategies.Rmd
[2026-07-08 10:23:05] phase=rmd->docx status=ok duration=0.536s file=Rmd/online/07-stream-evaluator.Rmd
[2026-07-08 10:23:06] phase=rmd->docx status=ok duration=0.184s file=Rmd/online/README.Rmd
[2026-07-08 10:23:06] phase=rmd->r status=ok duration=0.059s file=Rmd/online/01-online-session-simulated.Rmd
[2026-07-08 10:23:06] phase=rmd->r status=ok duration=0.043s file=Rmd/online/02-stream-experiment.Rmd
[2026-07-08 10:23:06] phase=rmd->r status=ok duration=0.044s file=Rmd/online/03-kafka-stub.Rmd
[2026-07-08 10:23:06] phase=rmd->r status=ok duration=0.054s file=Rmd/online/04-source-family.Rmd
[2026-07-08 10:23:06] phase=rmd->r status=ok duration=0.062s file=Rmd/online/05-memory-policies.Rmd
[2026-07-08 10:23:06] phase=rmd->r status=ok duration=0.057s file=Rmd/online/06-execution-strategies.Rmd
[2026-07-08 10:23:06] phase=rmd->r status=ok duration=0.060s file=Rmd/online/07-stream-evaluator.Rmd
[2026-07-08 10:23:06] phase=rmd->r status=ok duration=0.001s file=Rmd/online/README.Rmd
